SUB A A
SUB A A
INC A
GET H
STORE H
SUB A A
INC A
LOAD H
PUT H
HALT