SUB A A
SUB H H
INC H
INC H
INC H
INC H
INC H
INC H
INC H
INC H
INC H
INC H
STORE H
SUB A A
INC A
INC A
SUB H H
INC H
INC H
INC H
INC H
INC H
STORE H
SUB A A
INC A
INC A
INC A
INC A
INC A
INC A
SUB H H
INC H
INC H
INC H
INC H
INC H
INC H
INC H
INC H
INC H
INC H
INC H
INC H
INC H
INC H
INC H
STORE H
SUB A A
INC A
INC A
INC A
INC A
INC A
INC A
LOAD F # GETVAL
COPY H F
SUB G G
INC G
INC G
INC G
INC G
INC G
INC F # BEGIN GE/LE COND
SUB F G
JZERO F 93 # END GE/LE COND
SUB A A
INC A
INC A
INC A
INC A
INC A
INC A
LOAD H
PUT H
SUB A A
INC A
INC A
INC A
INC A
INC A
INC A
LOAD F # GETVAL
COPY H F
DEC F # FOR_LOOP_ITER++
SUB A A
INC A
INC A
INC A
INC A
INC A
INC A
STORE F # STORE_VAL
JUMP 47 # FOR_LOOP_COND_CHECK
HALT