SUB A A
GET H
STORE H
SUB A A
INC A
INC A
INC A
INC A
SUB H H
INC H
INC H
STORE H
SUB A A
INC A
INC A
INC A
INC A
LOAD C # GETVAL
COPY H C
SUB A A
INC A
INC A
INC A
INC A
LOAD D # GETVAL
COPY H D
SUB B B
JZERO D 36 # BEGIN MUL
JODD D 32
ADD C C
HALF D
JUMP 27
ADD B C
ADD C C
HALF D
JUMP 27 # END MUL
SUB A A
INC A
STORE B # STORE_VAL
SUB A A
LOAD F # GETVAL
COPY H F
SUB A A
INC A
LOAD G # GETVAL
COPY H G
INC F # BEGIN GE/LE COND
SUB F G
JZERO F 469 # END GE/LE COND
SUB A A
INC A
INC A
INC A
SUB H H
STORE H
SUB A A
LOAD B # GETVAL
COPY H B
SUB A A
INC A
INC A
INC A
INC A
LOAD C # GETVAL
COPY H C
SUB D D # BEGIN MOD/DIV
SUB E E
INC E
COPY F B
JZERO C 279
COPY H C
INC H
SUB H B
JZERO H 258
JUMP 261
ADD C C
ADD E E
JUMP 253
COPY H C
SUB H F
JZERO H 265
JUMP 267
SUB F C
ADD D E
HALF C
HALF E
JZERO E 280
COPY H C
SUB H F
JZERO H 274
JUMP 276
SUB F C
ADD D E
HALF C
HALF E
JUMP 269
SUB F F
SUB A A
INC A
INC A
STORE F # STORE_VAL
SUB A A
INC A
INC A
LOAD F # GETVAL
COPY H F
SUB G G
INC G # BEGIN EQ COND
SUB G F
JZERO G 402
DEC G
JZERO G 296
JUMP 402 # END EQ COND
SUB A A
LOAD B # GETVAL
COPY H B
SUB A A
INC A
INC A
INC A
INC A
LOAD C # GETVAL
COPY H C
SUB D D # BEGIN MOD/DIV
SUB E E
INC E
COPY F B
JZERO C 337
COPY H C
INC H
SUB H B
JZERO H 316
JUMP 319
ADD C C
ADD E E
JUMP 311
COPY H C
SUB H F
JZERO H 323
JUMP 325
SUB F C
ADD D E
HALF C
HALF E
JZERO E 338
COPY H C
SUB H F
JZERO H 332
JUMP 334
SUB F C
ADD D E
HALF C
HALF E
JUMP 327
SUB F F
COPY H D # END MOD/DIV
SUB A A
STORE D # STORE_VAL
SUB A A
INC A
INC A
INC A
LOAD B # GETVAL
COPY H B
SUB C C
INC C
ADD B C
SUB A A
INC A
INC A
INC A
STORE B # STORE_VAL
SUB A A
LOAD B # GETVAL
COPY H B
SUB A A
INC A
INC A
INC A
INC A
LOAD C # GETVAL
COPY H C
SUB D D # BEGIN MOD/DIV
SUB E E
INC E
COPY F B
JZERO C 396
COPY H C
INC H
SUB H B
JZERO H 375
JUMP 378
ADD C C
ADD E E
JUMP 370
COPY H C
SUB H F
JZERO H 382
JUMP 384
SUB F C
ADD D E
HALF C
HALF E
JZERO E 397
COPY H C
SUB H F
JZERO H 391
JUMP 393
SUB F C
ADD D E
HALF C
HALF E
JUMP 386
SUB F F
SUB A A
INC A
INC A
STORE F # STORE_VAL
JUMP 284 # WHILE_LOOP_COND_CHECK
SUB A A
INC A
INC A
INC A
LOAD F # GETVAL
COPY H F
SUB G G
SUB F G # BEGIN GT/LT COND
JZERO F 542 # END GT/LT COND
SUB A A
INC A
INC A
INC A
INC A
LOAD H
PUT H
SUB A A
INC A
INC A
INC A
LOAD H
PUT H
JUMP 44
SUB A A
INC A
INC A
INC A
INC A
LOAD B # GETVAL
COPY H B
SUB C C
INC C
ADD B C
SUB A A
INC A
INC A
INC A
INC A
STORE B # STORE_VAL
SUB A A
INC A
INC A
INC A
INC A
LOAD C # GETVAL
COPY H C
SUB A A
INC A
INC A
INC A
INC A
LOAD D # GETVAL
COPY H D
SUB B B
JZERO D 582 # BEGIN MUL
JODD D 578
ADD C C
HALF D
JUMP 573
ADD B C
ADD C C
HALF D
JUMP 573 # END MUL
SUB A A
INC A
STORE B # STORE_VAL
JUMP 222 # WHILE_LOOP_COND_CHECK
SUB A A
LOAD F # GETVAL
COPY H F
SUB G G
INC G
INC G # BEGIN NEQ COND
SUB G F
JZERO G 908
DEC G
JZERO G 914 # END NEQ COND
SUB A A
LOAD H
PUT H
SUB H H
INC H
PUT H
HALT