SUB A A
GET H
STORE H
SUB A A
LOAD F # GETVAL
COPY H F
SUB G G
SUB F G # BEGIN GT/LT COND
JZERO F 143 # END GT/LT COND
SUB A A
LOAD B # GETVAL
COPY H B
SUB C C
INC C
INC C
SUB D D # BEGIN MOD/DIV
SUB E E
INC E
COPY F B
JZERO C 61
COPY H C
INC H
SUB H B
JZERO H 40
JUMP 43
ADD C C
ADD E E
JUMP 35
COPY H C
SUB H F
JZERO H 47
JUMP 49
SUB F C
ADD D E
HALF C
HALF E
JZERO E 62
COPY H C
SUB H F
JZERO H 56
JUMP 58
SUB F C
ADD D E
HALF C
HALF E
JUMP 51
SUB F F
COPY H D # END MOD/DIV
SUB A A
INC A
STORE D # STORE_VAL
SUB C C
INC C
INC C
SUB A A
INC A
LOAD D # GETVAL
COPY H D
SUB B B
JZERO D 83 # BEGIN MUL
JODD D 79
ADD C C
HALF D
JUMP 74
ADD B C
ADD C C
HALF D
JUMP 74 # END MUL
SUB A A
INC A
STORE B # STORE_VAL
SUB A A
LOAD F # GETVAL
COPY H F
SUB A A
INC A
LOAD G # GETVAL
COPY H G
SUB F G # BEGIN GT/LT COND
JZERO F 99 # END GT/LT COND
SUB H H
INC H
PUT H
JUMP 3
SUB H H
PUT H
SUB A A
LOAD B # GETVAL
COPY H B
SUB C C
INC C
INC C
SUB D D # BEGIN MOD/DIV
SUB E E
INC E
COPY F B
JZERO C 153
COPY H C
INC H
SUB H B
JZERO H 132
JUMP 135
ADD C C
ADD E E
JUMP 127
COPY H C
SUB H F
JZERO H 139
JUMP 141
SUB F C
ADD D E
HALF C
HALF E
JZERO E 154
COPY H C
SUB H F
JZERO H 148
JUMP 150
SUB F C
ADD D E
HALF C
HALF E
JUMP 143
SUB F F
COPY H D # END MOD/DIV
SUB A A
STORE D # STORE_VAL
JUMP 18 # WHILE_LOOP_COND_CHECK
HALT