SUB A A
INC A
INC A
INC A
SUB H H
INC H
INC H
INC H
INC H
INC H
INC H
INC H
STORE H
SUB B B
INC B
INC B
INC B
INC B
INC B
INC B
INC B
INC B
INC B
INC B
INC B
INC B
INC B
INC B
INC B
INC B
INC B
INC B
INC B
INC B
INC B
INC B
INC B
INC B
INC B
INC B
INC B
INC B
INC B
INC B
INC B
INC B
INC B
INC B
INC B
INC B
INC B
INC B
INC B
INC B
INC B
INC B
INC B
INC B
INC B
INC B
INC B
INC B
INC B
INC B
INC B
INC B
INC B
INC B
INC B
INC B
INC B
INC B
INC B
INC B
SUB A A
INC A
INC A
INC A
LOAD C
COPY H C
SUB D D
SUB E E
INC E
COPY F B
JZERO C 111
COPY H C
INC H
SUB H B
JZERO H 90
JUMP 93
ADD C C
ADD E E
JUMP 85
COPY H C
SUB H F
JZERO H 97
JUMP 99
SUB F C
ADD D E
HALF C
HALF E
JZERO E 112
COPY H C
SUB H F
JZERO H 106
JUMP 108
SUB F C
ADD D E
HALF C
HALF E
JUMP 101
SUB F F
SUB A A
INC A
INC A
STORE F
SUB A A
INC A
INC A
INC A
LOAD B
COPY H B
SUB A A
INC A
INC A
LOAD C
COPY H C
SUB D D
SUB E E
INC E
COPY F B
JZERO C 158
COPY H C
INC H
SUB H B
JZERO H 137
JUMP 140
ADD C C
ADD E E
JUMP 132
COPY H C
SUB H F
JZERO H 144
JUMP 146
SUB F C
ADD D E
HALF C
HALF E
JZERO E 159
COPY H C
SUB H F
JZERO H 153
JUMP 155
SUB F C
ADD D E
HALF C
HALF E
JUMP 148
SUB F F
SUB A A
INC A
INC A
INC A
INC A
INC A
INC A
INC A
INC A
INC A
INC A
INC A
INC A
INC A
INC A
INC A
INC A
INC A
INC A
INC A
INC A
INC A
INC A
INC A
INC A
INC A
INC A
INC A
INC A
INC A
INC A
INC A
INC A
INC A
INC A
INC A
INC A
INC A
INC A
INC A
INC A
INC A
INC A
INC A
INC A
INC A
INC A
INC A
INC A
INC A
INC A
INC A
INC A
INC A
INC A
INC A
INC A
INC A
INC A
INC A
INC A
INC A
INC A
INC A
INC A
INC A
INC A
INC A
INC A
INC A
INC A
INC A
INC A
INC A
INC A
INC A
INC A
INC A
INC A
INC A
INC A
INC A
INC A
INC A
INC A
INC A
INC A
INC A
INC A
INC A
INC A
INC A
INC A
INC A
INC A
INC A
INC A
INC A
INC A
INC A
INC A
STORE F
SUB A A
INC A
INC A
LOAD H
PUT H
HALT